
SQL*Loader: Release 23.0.0.0.0 - Production on Tue Apr 29 19:37:22 2025
Version 23.7.0.25.01

Copyright (c) 1982, 2025, Oracle and/or its affiliates.  All rights reserved.

Control File:   donaciones.ctl
Data File:      donaciones.csv
  Bad File:     donaciones.bad
  Discard File:  none specified
 
 (Allow all discards)

Number to load: ALL
Number to skip: 0
Errors allowed: 50
Bind array:     250 rows, maximum of 1048576 bytes
Continuation:    none specified
Path used:      Conventional

Table DONACION, loaded from every logical record.
Insert option in effect for this table: APPEND
TRAILING NULLCOLS option in effect

   Column Name                  Position   Len  Term Encl Datatype
------------------------------ ---------- ----- ---- ---- ---------------------
IDDONACION                          FIRST     *   ,  O(") CHARACTER            
FECHASOLICITUD                       NEXT     *   ,  O(") DATE YYYY-MM-DD      
FECHAAPROBACION                      NEXT     *   ,  O(") DATE YYYY-MM-DD      
ESTADO                               NEXT     *   ,  O(") CHARACTER            
PUNTOSASIGNADOS                      NEXT     *   ,  O(") CHARACTER            
IDUSUARIO                            NEXT     *   ,  O(") CHARACTER            

Record 1: Rejected - Error on table DONACION, column IDDONACION.
ORA-01722: unable to convert string value containing 'i' to a number: 
ORA-03302: (ORA-01722 details) invalid string value: idDonacion
Help: https://docs.oracle.com/error-help/db/ora-01722/


Table DONACION:
  15 Rows successfully loaded.
  1 Row not loaded due to data errors.
  0 Rows not loaded because all WHEN clauses were failed.
  0 Rows not loaded because all fields were null.


Space allocated for bind array:                 387000 bytes(250 rows)
Read   buffer bytes: 1048576

Total logical records skipped:          0
Total logical records read:            16
Total logical records rejected:         1
Total logical records discarded:        0

Run began on Tue Apr 29 19:37:22 2025
Run ended on Tue Apr 29 19:37:33 2025

Elapsed time was:     00:00:10.79
CPU time was:         00:00:00.05
